// Jest Snapshot v1, https://goo.gl/fbAQLP

exports[`Artist component renders correctly 1`] = `
<div
  className="artist"
>
  <input
    className="artist__input visually-hidden"
    id="artist-0"
    name="answer"
    type="radio"
    value="artist-0"
  />
  <label
    className="artist__name"
    htmlFor="artist-0"
  >
    <img
      alt="name"
      className="artist__picture"
      src="picture"
    />
    name
  </label>
</div>
`;
